[sbatch] Wed 23 Sep 2026 15:54:47 AEST running ../biological_validation/configs/tonsil_king2021.json
[discovery] tonsil_king2021: loading
[threadfin] bcr_similarity_graph: 14479 clones, 2401 edges (threshold=0.85, same_vj=True).
[tonsil] author annotations matched: 30524/35655
[tonsil] B-lineage subset: 22478/35655 cells
[discovery] tonsil_king2021: preprocess (22478 cells)
[threadfin] attached BCR: 14566/22478 cells, 13351 clones.
[discovery] tonsil_king2021: recluster (min_clone_size=3, res=0.8)
/home/czhu3869/.local/lib/python3.11/site-packages/umap/umap_.py:1865: UserWarning: using precomputed metric; inverse_transform will be unavailable
  warn("using precomputed metric; inverse_transform will be unavailable")
/home/czhu3869/.local/lib/python3.11/site-packages/umap/umap_.py:1952: UserWarning: n_jobs value 1 overridden to 1 by setting random_state. Use no seed for parallelism.
  warn(
[threadfin] 200 clones -> 5 clone clusters ('clone_cluster' added to obs, clone map in uns['threadfin']).
[discovery] tonsil_king2021: 5 communities
[discovery] tonsil_king2021: running discovery block
/data/scratch/projects/punim1236/Threadfin/benchmarks/discovery/run_discovery.py:326: FutureWarning: The default of observed=False is deprecated and will be changed to True in a future version of pandas. Pass observed=False to retain current behavior or observed=True to adopt the future default and silence this warning.
  # ---------------------------------------------------------------- shared
/data/scratch/projects/punim1236/Threadfin/benchmarks/discovery/run_discovery.py:328: FutureWarning: The default of observed=False is deprecated and will be changed to True in a future version of pandas. Pass observed=False to retain current behavior or observed=True to adopt the future default and silence this warning.
  
[discovery] tonsil_king2021: done in 1.1 min
[sbatch] Wed 23 Sep 2026 15:56:08 AEST all done
