[sbatch] Wed 23 Sep 2026 15:17:02 AEST running ../biological_validation/configs/flu_gse175522.json
[discovery] flu_gse175522: loading
[discovery] flu_gse175522: preprocess (123693 cells)
/data/scratch/projects/punim1236/Threadfin/benchmarks/biological_validation/validation.py:63: FutureWarning: In the future, the default backend for leiden will be igraph instead of leidenalg.

 To achieve the future defaults please pass: flavor="igraph" and n_iterations=2.  directed must also be False to work with igraph's implementation.
  sc.tl.leiden(adata, resolution=0.8, random_state=seed, key_added="state")
[threadfin] attached BCR: 84040/123693 cells, 92300 clones.
[discovery] flu_gse175522: recluster (min_clone_size=3)
/home/czhu3869/.local/lib/python3.11/site-packages/umap/umap_.py:1865: UserWarning: using precomputed metric; inverse_transform will be unavailable
  warn("using precomputed metric; inverse_transform will be unavailable")
/home/czhu3869/.local/lib/python3.11/site-packages/umap/umap_.py:1952: UserWarning: n_jobs value 1 overridden to 1 by setting random_state. Use no seed for parallelism.
  warn(
[threadfin] 499 clones -> 3 clone clusters ('clone_cluster' added to obs, clone map in uns['threadfin']).
[discovery] flu_gse175522: 3 communities
[discovery] flu_gse175522: running discovery block
/data/scratch/projects/punim1236/Threadfin/benchmarks/discovery/run_discovery.py:319: FutureWarning: The default of observed=False is deprecated and will be changed to True in a future version of pandas. Pass observed=False to retain current behavior or observed=True to adopt the future default and silence this warning.
  .sort_values("logfoldchange", ascending=False)
/data/scratch/projects/punim1236/Threadfin/benchmarks/discovery/run_discovery.py:321: FutureWarning: The default of observed=False is deprecated and will be changed to True in a future version of pandas. Pass observed=False to retain current behavior or observed=True to adopt the future default and silence this warning.
  summary["community_top_markers"] = {
[discovery] flu_gse175522: done in 8.4 min
[sbatch] Wed 23 Sep 2026 15:25:41 AEST running ../biological_validation/configs/ebv_organoid_gse317492.json
[discovery] ebv_organoid_gse317492: loading
[discovery] ebv_organoid_gse317492: preprocess (205630 cells)
/data/scratch/projects/punim1236/Threadfin/benchmarks/biological_validation/validation.py:63: FutureWarning: In the future, the default backend for leiden will be igraph instead of leidenalg.

 To achieve the future defaults please pass: flavor="igraph" and n_iterations=2.  directed must also be False to work with igraph's implementation.
  sc.tl.leiden(adata, resolution=0.8, random_state=seed, key_added="state")
[threadfin] attached BCR: 134210/205630 cells, 89757 clones.
[discovery] ebv_organoid_gse317492: recluster (min_clone_size=3)
/home/czhu3869/.local/lib/python3.11/site-packages/umap/umap_.py:1865: UserWarning: using precomputed metric; inverse_transform will be unavailable
  warn("using precomputed metric; inverse_transform will be unavailable")
/home/czhu3869/.local/lib/python3.11/site-packages/umap/umap_.py:1952: UserWarning: n_jobs value 1 overridden to 1 by setting random_state. Use no seed for parallelism.
  warn(
[threadfin] 4564 clones -> 13 clone clusters ('clone_cluster' added to obs, clone map in uns['threadfin']).
[discovery] ebv_organoid_gse317492: 13 communities
[discovery] ebv_organoid_gse317492: running discovery block
/data/scratch/projects/punim1236/Threadfin/benchmarks/discovery/run_discovery.py:320: FutureWarning: The default of observed=False is deprecated and will be changed to True in a future version of pandas. Pass observed=False to retain current behavior or observed=True to adopt the future default and silence this warning.
  markers = tf.community_markers(adata, method="t-test_overestim_var", n_genes=15)
/data/scratch/projects/punim1236/Threadfin/benchmarks/discovery/run_discovery.py:322: FutureWarning: The default of observed=False is deprecated and will be changed to True in a future version of pandas. Pass observed=False to retain current behavior or observed=True to adopt the future default and silence this warning.
  scores = tf.community_score(adata, SIGNATURES)
[discovery] ebv_organoid_gse317492: done in 25.1 min
[sbatch] Wed 23 Sep 2026 15:50:53 AEST running ../biological_validation/configs/tonsil_king2021.json
[discovery] tonsil_king2021: loading
[threadfin] bcr_similarity_graph: 14479 clones, 2401 edges (threshold=0.85, same_vj=True).
[tonsil] author annotations matched: 30524/35655
[tonsil] B-lineage subset: 22478/35655 cells
[discovery] tonsil_king2021: preprocess (22478 cells)
[threadfin] attached BCR: 14566/22478 cells, 13351 clones.
[discovery] tonsil_king2021: recluster (min_clone_size=3)
/home/czhu3869/.local/lib/python3.11/site-packages/umap/umap_.py:1865: UserWarning: using precomputed metric; inverse_transform will be unavailable
  warn("using precomputed metric; inverse_transform will be unavailable")
/home/czhu3869/.local/lib/python3.11/site-packages/umap/umap_.py:1952: UserWarning: n_jobs value 1 overridden to 1 by setting random_state. Use no seed for parallelism.
  warn(
[threadfin] 200 clones -> 1 clone clusters ('clone_cluster' added to obs, clone map in uns['threadfin']).
[discovery] tonsil_king2021: 1 communities
[discovery] tonsil_king2021: running discovery block
Traceback (most recent call last):
  File "/data/scratch/projects/punim1236/Threadfin/benchmarks/discovery/run_discovery.py", line 376, in <module>
    main()
  File "/data/scratch/projects/punim1236/Threadfin/benchmarks/discovery/run_discovery.py", line 367, in main
    else fn(adata, out, summary)
         ^^^^^^^^^^^^^^^^^^^^^^^
  File "/data/scratch/projects/punim1236/Threadfin/benchmarks/discovery/run_discovery.py", line 302, in discover_tonsil
    _programmes(adata, out, summary)
  File "/data/scratch/projects/punim1236/Threadfin/benchmarks/discovery/run_discovery.py", line 320, in _programmes
    markers = tf.community_markers(adata, method="t-test_overestim_var", n_genes=15)
              ^^^^^^^^^^^^^^^^^^^^^^^^^^^^^^^^^^^^^^^^^^^^^^^^^^^^^^^^^^^^^^^^^^^^^^
  File "/data/scratch/projects/punim1236/Threadfin/threadfin/programs.py", line 73, in community_markers
    raise ValueError(f"Need at least two communities in '{cluster_key}'.")
ValueError: Need at least two communities in 'clone_cluster'.
